// Jest Snapshot v1, https://goo.gl/fbAQLP

exports[`GrettingComponent should match snapshot 1`] = `
<div
  id="root0"
>
  <p
    class="bg-red-500"
  >
    gretting works!
  </p>
</div>
`;
